--------------------------------------------------------------------------------
Release 14.7 Trace  (nt64)
Copyright (c) 1995-2013 Xilinx, Inc.  All rights reserved.

C:\eda\Xilinx\14.7\ISE_DS\ISE\bin\nt64\unwrapped\trce.exe -intstyle ise -v 3 -s
3 -n 3 -fastpaths -xml poetic_circuit.twx poetic_circuit.ncd -o
poetic_circuit.twr poetic_circuit.pcf

Design file:              poetic_circuit.ncd
Physical constraint file: poetic_circuit.pcf
Device,package,speed:     xc6slx150,fgg484,C,-3 (PRODUCTION 1.23 2013-10-13)
Report level:             verbose report

Environment Variable      Effect 
--------------------      ------ 
NONE                      No environment variables were set
--------------------------------------------------------------------------------

INFO:Timing:2698 - No timing constraints found, doing default enumeration.
INFO:Timing:3412 - To improve timing, see the Timing Closure User Guide (UG612).
INFO:Timing:2752 - To get complete path coverage, use the unconstrained paths 
   option. All paths that are not constrained will be reported in the 
   unconstrained paths section(s) of the report.
INFO:Timing:3339 - The clock-to-out numbers in this timing report are based on 
   a 50 Ohm transmission line loading model.  For the details of this model, 
   and for more information on accounting for different loading conditions, 
   please see the device datasheet.



Data Sheet report:
-----------------
All values displayed in nanoseconds (ns)

Setup/Hold to clock clock
------------+------------+------------+------------+------------+------------------+--------+
            |Max Setup to|  Process   |Max Hold to |  Process   |                  | Clock  |
Source      | clk (edge) |   Corner   | clk (edge) |   Corner   |Internal Clock(s) | Phase  |
------------+------------+------------+------------+------------+------------------+--------+
ADC0_SDO    |    4.282(R)|      SLOW  |   -2.375(R)|      FAST  |clock_BUFGP       |   0.000|
USB_TX      |    7.324(R)|      SLOW  |   -2.187(R)|      FAST  |clock_BUFGP       |   0.000|
reset_N     |    6.109(R)|      SLOW  |   -3.559(R)|      FAST  |clock_BUFGP       |   0.000|
------------+------------+------------+------------+------------+------------------+--------+

Clock clock to Pad
------------+-----------------+------------+-----------------+------------+------------------+--------+
            |Max (slowest) clk|  Process   |Min (fastest) clk|  Process   |                  | Clock  |
Destination |  (edge) to PAD  |   Corner   |  (edge) to PAD  |   Corner   |Internal Clock(s) | Phase  |
------------+-----------------+------------+-----------------+------------+------------------+--------+
ADC0_CS     |        12.491(R)|      SLOW  |         7.203(R)|      FAST  |clock_BUFGP       |   0.000|
ADC_SCLK    |        12.008(R)|      SLOW  |         6.936(R)|      FAST  |clock_BUFGP       |   0.000|
BP_GPIO_27  |        10.674(R)|      SLOW  |         6.156(R)|      FAST  |clock_BUFGP       |   0.000|
BP_GPIO_28  |         9.951(R)|      SLOW  |         5.727(R)|      FAST  |clock_BUFGP       |   0.000|
BP_PWM_12A  |        13.248(R)|      SLOW  |         6.505(R)|      FAST  |clock_BUFGP       |   0.000|
BP_PWM_12B  |        10.836(R)|      SLOW  |         6.217(R)|      FAST  |clock_BUFGP       |   0.000|
DAC_SCLK    |        10.288(R)|      SLOW  |         5.925(R)|      FAST  |clock_BUFGP       |   0.000|
DAC_SDO     |        12.719(R)|      SLOW  |         7.390(R)|      FAST  |clock_BUFGP       |   0.000|
DAC_SYNC    |        10.817(R)|      SLOW  |         6.177(R)|      FAST  |clock_BUFGP       |   0.000|
LED0_1      |        11.135(R)|      SLOW  |         6.573(R)|      FAST  |clock_BUFGP       |   0.000|
Sa_bot      |        14.369(R)|      SLOW  |         7.179(R)|      FAST  |clock_BUFGP       |   0.000|
Sa_top      |        16.839(R)|      SLOW  |         8.647(R)|      FAST  |clock_BUFGP       |   0.000|
Sb_bot      |        12.999(R)|      SLOW  |         6.384(R)|      FAST  |clock_BUFGP       |   0.000|
Sb_top      |        12.799(R)|      SLOW  |         6.239(R)|      FAST  |clock_BUFGP       |   0.000|
Sc_bot      |        12.825(R)|      SLOW  |         6.267(R)|      FAST  |clock_BUFGP       |   0.000|
Sc_top      |        13.105(R)|      SLOW  |         6.442(R)|      FAST  |clock_BUFGP       |   0.000|
USB_RX      |        16.217(R)|      SLOW  |         8.992(R)|      FAST  |clock_BUFGP       |   0.000|
------------+-----------------+------------+-----------------+------------+------------------+--------+

Clock to Setup on destination clock clock
---------------+---------+---------+---------+---------+
               | Src:Rise| Src:Fall| Src:Rise| Src:Fall|
Source Clock   |Dest:Rise|Dest:Rise|Dest:Fall|Dest:Fall|
---------------+---------+---------+---------+---------+
clock          |   11.770|         |         |         |
---------------+---------+---------+---------+---------+

Pad to Pad
---------------+---------------+---------+
Source Pad     |Destination Pad|  Delay  |
---------------+---------------+---------+
ADC0_SDO       |BP_GPIO_26     |   13.857|
Hall_A         |Sb_bot         |    8.542|
Hall_A         |Sb_top         |    8.342|
Hall_A         |Sc_bot         |    8.949|
Hall_A         |Sc_top         |    9.229|
Hall_B         |Sa_bot         |    8.683|
Hall_B         |Sa_top         |   11.153|
Hall_B         |Sc_bot         |    8.692|
Hall_B         |Sc_top         |    8.972|
Hall_C         |Sa_bot         |    8.800|
Hall_C         |Sa_top         |   11.270|
Hall_C         |Sb_bot         |    8.703|
Hall_C         |Sb_top         |    8.503|
---------------+---------------+---------+


Analysis completed Mon Aug 16 19:43:40 2021 
--------------------------------------------------------------------------------

Trace Settings:
-------------------------
Trace Settings 

Peak Memory Usage: 4812 MB



