--------------------------------------------------------------------------------
Release 14.7 Trace  (nt64)
Copyright (c) 1995-2013 Xilinx, Inc.  All rights reserved.

C:\eda\Xilinx\14.7\ISE_DS\ISE\bin\nt64\unwrapped\trce.exe -intstyle ise -v 3 -s
3 -n 3 -fastpaths -xml poetic_circuit.twx poetic_circuit.ncd -o
poetic_circuit.twr poetic_circuit.pcf

Design file:              poetic_circuit.ncd
Physical constraint file: poetic_circuit.pcf
Device,package,speed:     xc6slx150,fgg484,C,-3 (PRODUCTION 1.23 2013-10-13)
Report level:             verbose report

Environment Variable      Effect 
--------------------      ------ 
NONE                      No environment variables were set
--------------------------------------------------------------------------------

INFO:Timing:2698 - No timing constraints found, doing default enumeration.
INFO:Timing:3412 - To improve timing, see the Timing Closure User Guide (UG612).
INFO:Timing:2752 - To get complete path coverage, use the unconstrained paths 
   option. All paths that are not constrained will be reported in the 
   unconstrained paths section(s) of the report.
INFO:Timing:3339 - The clock-to-out numbers in this timing report are based on 
   a 50 Ohm transmission line loading model.  For the details of this model, 
   and for more information on accounting for different loading conditions, 
   please see the device datasheet.



Data Sheet report:
-----------------
All values displayed in nanoseconds (ns)

Setup/Hold to clock clock
------------+------------+------------+------------+------------+------------------+--------+
            |Max Setup to|  Process   |Max Hold to |  Process   |                  | Clock  |
Source      | clk (edge) |   Corner   | clk (edge) |   Corner   |Internal Clock(s) | Phase  |
------------+------------+------------+------------+------------+------------------+--------+
Hall_A      |    2.946(R)|      SLOW  |   -0.889(R)|      FAST  |clock_BUFGP       |   0.000|
Hall_B      |    3.167(R)|      SLOW  |   -1.089(R)|      FAST  |clock_BUFGP       |   0.000|
Hall_C      |    4.316(R)|      SLOW  |   -1.288(R)|      FAST  |clock_BUFGP       |   0.000|
USB_TX      |    4.226(R)|      SLOW  |   -0.829(R)|      FAST  |clock_BUFGP       |   0.000|
reset_N     |    3.336(R)|      SLOW  |   -1.720(R)|      FAST  |clock_BUFGP       |   0.000|
------------+------------+------------+------------+------------+------------------+--------+

Clock clock to Pad
------------+-----------------+------------+-----------------+------------+------------------+--------+
            |Max (slowest) clk|  Process   |Min (fastest) clk|  Process   |                  | Clock  |
Destination |  (edge) to PAD  |   Corner   |  (edge) to PAD  |   Corner   |Internal Clock(s) | Phase  |
------------+-----------------+------------+-----------------+------------+------------------+--------+
DAC_SCLK    |        10.610(R)|      SLOW  |         6.164(R)|      FAST  |clock_BUFGP       |   0.000|
DAC_SDO     |        12.645(R)|      SLOW  |         7.412(R)|      FAST  |clock_BUFGP       |   0.000|
DAC_SYNC    |        12.093(R)|      SLOW  |         7.055(R)|      FAST  |clock_BUFGP       |   0.000|
LED0_1      |        11.041(R)|      SLOW  |         6.523(R)|      FAST  |clock_BUFGP       |   0.000|
Sa_bot      |        14.952(R)|      SLOW  |         7.589(R)|      FAST  |clock_BUFGP       |   0.000|
Sa_top      |        18.264(R)|      SLOW  |         9.561(R)|      FAST  |clock_BUFGP       |   0.000|
Sb_bot      |        14.485(R)|      SLOW  |         7.402(R)|      FAST  |clock_BUFGP       |   0.000|
Sb_top      |        14.757(R)|      SLOW  |         7.554(R)|      FAST  |clock_BUFGP       |   0.000|
Sc_bot      |        14.063(R)|      SLOW  |         7.080(R)|      FAST  |clock_BUFGP       |   0.000|
Sc_top      |        13.976(R)|      SLOW  |         7.002(R)|      FAST  |clock_BUFGP       |   0.000|
USB_RX      |        15.583(R)|      SLOW  |         8.618(R)|      FAST  |clock_BUFGP       |   0.000|
------------+-----------------+------------+-----------------+------------+------------------+--------+

Clock to Setup on destination clock clock
---------------+---------+---------+---------+---------+
               | Src:Rise| Src:Fall| Src:Rise| Src:Fall|
Source Clock   |Dest:Rise|Dest:Rise|Dest:Fall|Dest:Fall|
---------------+---------+---------+---------+---------+
clock          |   10.304|         |         |         |
---------------+---------+---------+---------+---------+

Pad to Pad
---------------+---------------+---------+
Source Pad     |Destination Pad|  Delay  |
---------------+---------------+---------+
Hall_A         |Sb_bot         |    8.419|
Hall_A         |Sb_top         |    8.691|
Hall_A         |Sc_bot         |   11.714|
Hall_A         |Sc_top         |   11.627|
Hall_B         |Sa_bot         |    8.721|
Hall_B         |Sa_top         |   12.033|
Hall_B         |Sc_bot         |   11.687|
Hall_B         |Sc_top         |   11.600|
Hall_C         |Sa_bot         |    8.836|
Hall_C         |Sa_top         |   12.148|
Hall_C         |Sb_bot         |    8.613|
Hall_C         |Sb_top         |    8.885|
---------------+---------------+---------+


Analysis completed Tue Jul 27 20:14:19 2021 
--------------------------------------------------------------------------------

Trace Settings:
-------------------------
Trace Settings 

Peak Memory Usage: 4812 MB



